Archive member included to satisfy reference by file (symbol)

c:/program files (x86)/atollic/truestudio for stm32 9.1.0/armtools/bin/../lib/gcc/arm-atollic-eabi/6.3.1/../../../../arm-atollic-eabi/lib/armv6-m\libc_nano.a(lib_a-init.o)
                              startup\startup_stm32l031xx.o (__libc_init_array)
c:/program files (x86)/atollic/truestudio for stm32 9.1.0/armtools/bin/../lib/gcc/arm-atollic-eabi/6.3.1/../../../../arm-atollic-eabi/lib/armv6-m\libc_nano.a(lib_a-memcpy-stub.o)
                              Middlewares\Third_Party\FreeRTOS\Source\queue.o (memcpy)
c:/program files (x86)/atollic/truestudio for stm32 9.1.0/armtools/bin/../lib/gcc/arm-atollic-eabi/6.3.1/../../../../arm-atollic-eabi/lib/armv6-m\libc_nano.a(lib_a-memset.o)
                              Drivers\STM32L0xx_HAL_Driver\Src\stm32l0xx_hal_rcc.o (memset)
c:/program files (x86)/atollic/truestudio for stm32 9.1.0/armtools/bin/../lib/gcc/arm-atollic-eabi/6.3.1/armv6-m\libgcc.a(_thumb1_case_uqi.o)
                              Drivers\STM32L0xx_HAL_Driver\Src\stm32l0xx_hal_dma.o (__gnu_thumb1_case_uqi)
c:/program files (x86)/atollic/truestudio for stm32 9.1.0/armtools/bin/../lib/gcc/arm-atollic-eabi/6.3.1/armv6-m\libgcc.a(_udivsi3.o)
                              Drivers\STM32L0xx_HAL_Driver\Src\stm32l0xx_hal.o (__aeabi_uidiv)
c:/program files (x86)/atollic/truestudio for stm32 9.1.0/armtools/bin/../lib/gcc/arm-atollic-eabi/6.3.1/armv6-m\libgcc.a(_dvmd_tls.o)
                              c:/program files (x86)/atollic/truestudio for stm32 9.1.0/armtools/bin/../lib/gcc/arm-atollic-eabi/6.3.1/armv6-m\libgcc.a(_udivsi3.o) (__aeabi_idiv0)
c:/program files (x86)/atollic/truestudio for stm32 9.1.0/armtools/bin/../lib/gcc/arm-atollic-eabi/6.3.1/armv6-m\libgcc.a(_aeabi_uldivmod.o)
                              Drivers\STM32L0xx_HAL_Driver\Src\stm32l0xx_hal_uart.o (__aeabi_uldivmod)
c:/program files (x86)/atollic/truestudio for stm32 9.1.0/armtools/bin/../lib/gcc/arm-atollic-eabi/6.3.1/armv6-m\libgcc.a(_udivmoddi4.o)
                              c:/program files (x86)/atollic/truestudio for stm32 9.1.0/armtools/bin/../lib/gcc/arm-atollic-eabi/6.3.1/armv6-m\libgcc.a(_aeabi_uldivmod.o) (__udivmoddi4)
c:/program files (x86)/atollic/truestudio for stm32 9.1.0/armtools/bin/../lib/gcc/arm-atollic-eabi/6.3.1/armv6-m\libgcc.a(_clzdi2.o)
                              c:/program files (x86)/atollic/truestudio for stm32 9.1.0/armtools/bin/../lib/gcc/arm-atollic-eabi/6.3.1/armv6-m\libgcc.a(_udivmoddi4.o) (__clzdi2)
c:/program files (x86)/atollic/truestudio for stm32 9.1.0/armtools/bin/../lib/gcc/arm-atollic-eabi/6.3.1/armv6-m\libgcc.a(_clzsi2.o)
                              c:/program files (x86)/atollic/truestudio for stm32 9.1.0/armtools/bin/../lib/gcc/arm-atollic-eabi/6.3.1/armv6-m\libgcc.a(_clzdi2.o) (__clzsi2)

Allocating common symbols
Common symbol       size              file

defaultTaskHandle   0x4               Src\freertos.o
uwTick              0x4               Drivers\STM32L0xx_HAL_Driver\Src\stm32l0xx_hal.o
xQueueRegistry      0x40              Middlewares\Third_Party\FreeRTOS\Source\queue.o
pFlash              0x18              Drivers\STM32L0xx_HAL_Driver\Src\stm32l0xx_hal_flash.o
hspi1               0x58              Src\spi.o
huart2              0x80              Src\usart.o

Discarded input sections

 .text          0x00000000        0x0 c:/program files (x86)/atollic/truestudio for stm32 9.1.0/armtools/bin/../lib/gcc/arm-atollic-eabi/6.3.1/armv6-m/crti.o
 .data          0x00000000        0x0 c:/program files (x86)/atollic/truestudio for stm32 9.1.0/armtools/bin/../lib/gcc/arm-atollic-eabi/6.3.1/armv6-m/crti.o
 .bss           0x00000000        0x0 c:/program files (x86)/atollic/truestudio for stm32 9.1.0/armtools/bin/../lib/gcc/arm-atollic-eabi/6.3.1/armv6-m/crti.o
 .data          0x00000000        0x4 c:/program files (x86)/atollic/truestudio for stm32 9.1.0/armtools/bin/../lib/gcc/arm-atollic-eabi/6.3.1/armv6-m/crtbegin.o
 .text          0x00000000        0x0 Drivers\STM32L0xx_HAL_Driver\Src\stm32l0xx_hal.o
 .data          0x00000000        0x0 Drivers\STM32L0xx_HAL_Driver\Src\stm32l0xx_hal.o
 .bss           0x00000000        0x0 Drivers\STM32L0xx_HAL_Driver\Src\stm32l0xx_hal.o
 .text.HAL_MspInit
                0x00000000        0x2 Drivers\STM32L0xx_HAL_Driver\Src\stm32l0xx_hal.o
 .text.HAL_MspDeInit
                0x00000000        0x2 Drivers\STM32L0xx_HAL_Driver\Src\stm32l0xx_hal.o
 .text.HAL_DeInit
                0x00000000       0x28 Drivers\STM32L0xx_HAL_Driver\Src\stm32l0xx_hal.o
 .text.HAL_Delay
                0x00000000       0x1e Drivers\STM32L0xx_HAL_Driver\Src\stm32l0xx_hal.o
 .text.HAL_SuspendTick
                0x00000000       0x10 Drivers\STM32L0xx_HAL_Driver\Src\stm32l0xx_hal.o
 .text.HAL_ResumeTick
                0x00000000       0x10 Drivers\STM32L0xx_HAL_Driver\Src\stm32l0xx_hal.o
 .text.HAL_GetHalVersion
                0x00000000        0x8 Drivers\STM32L0xx_HAL_Driver\Src\stm32l0xx_hal.o
[...]
Memory Configuration

Name             Origin             Length             Attributes
RAM              0x20000000         0x00002000         xrw
FLASH            0x08000000         0x00004000         xr
*default*        0x00000000         0xffffffff

Linker script and memory map

LOAD c:/program files (x86)/atollic/truestudio for stm32 9.1.0/armtools/bin/../lib/gcc/arm-atollic-eabi/6.3.1/armv6-m/crti.o
LOAD c:/program files (x86)/atollic/truestudio for stm32 9.1.0/armtools/bin/../lib/gcc/arm-atollic-eabi/6.3.1/armv6-m/crtbegin.o
LOAD Drivers\STM32L0xx_HAL_Driver\Src\stm32l0xx_hal.o
LOAD Drivers\STM32L0xx_HAL_Driver\Src\stm32l0xx_hal_cortex.o
LOAD Drivers\STM32L0xx_HAL_Driver\Src\stm32l0xx_hal_dma.o
LOAD Drivers\STM32L0xx_HAL_Driver\Src\stm32l0xx_hal_flash.o
LOAD Drivers\STM32L0xx_HAL_Driver\Src\stm32l0xx_hal_flash_ex.o
LOAD Drivers\STM32L0xx_HAL_Driver\Src\stm32l0xx_hal_flash_ramfunc.o
LOAD Drivers\STM32L0xx_HAL_Driver\Src\stm32l0xx_hal_gpio.o
LOAD Drivers\STM32L0xx_HAL_Driver\Src\stm32l0xx_hal_i2c.o
LOAD Drivers\STM32L0xx_HAL_Driver\Src\stm32l0xx_hal_i2c_ex.o
LOAD Drivers\STM32L0xx_HAL_Driver\Src\stm32l0xx_hal_pwr.o
LOAD Drivers\STM32L0xx_HAL_Driver\Src\stm32l0xx_hal_pwr_ex.o
LOAD Drivers\STM32L0xx_HAL_Driver\Src\stm32l0xx_hal_rcc.o
LOAD Drivers\STM32L0xx_HAL_Driver\Src\stm32l0xx_hal_rcc_ex.o
LOAD Drivers\STM32L0xx_HAL_Driver\Src\stm32l0xx_hal_spi.o
LOAD Drivers\STM32L0xx_HAL_Driver\Src\stm32l0xx_hal_tim.o
LOAD Drivers\STM32L0xx_HAL_Driver\Src\stm32l0xx_hal_tim_ex.o
LOAD Drivers\STM32L0xx_HAL_Driver\Src\stm32l0xx_hal_uart.o
LOAD Drivers\STM32L0xx_HAL_Driver\Src\stm32l0xx_hal_uart_ex.o
LOAD Middlewares\Third_Party\FreeRTOS\Source\CMSIS_RTOS\cmsis_os.o
LOAD Middlewares\Third_Party\FreeRTOS\Source\croutine.o
LOAD Middlewares\Third_Party\FreeRTOS\Source\event_groups.o
LOAD Middlewares\Third_Party\FreeRTOS\Source\list.o
LOAD Middlewares\Third_Party\FreeRTOS\Source\portable\GCC\ARM_CM0\port.o
LOAD Middlewares\Third_Party\FreeRTOS\Source\portable\MemMang\heap_4.o
LOAD Middlewares\Third_Party\FreeRTOS\Source\queue.o
LOAD Middlewares\Third_Party\FreeRTOS\Source\stream_buffer.o
LOAD Middlewares\Third_Party\FreeRTOS\Source\tasks.o
LOAD Middlewares\Third_Party\FreeRTOS\Source\timers.o
LOAD Src\freertos.o
LOAD Src\gpio.o
LOAD Src\main.o
LOAD Src\spi.o
LOAD Src\stm32l0xx_hal_msp.o
LOAD Src\stm32l0xx_it.o
LOAD Src\system_stm32l0xx.o
LOAD Src\usart.o
LOAD startup\startup_stm32l031xx.o
                0x00000080                malloc_getpagesize_P = 0x80
START GROUP
LOAD c:/program files (x86)/atollic/truestudio for stm32 9.1.0/armtools/bin/../lib/gcc/arm-atollic-eabi/6.3.1/../../../../arm-atollic-eabi/lib/armv6-m\libc_nano.a
LOAD c:/program files (x86)/atollic/truestudio for stm32 9.1.0/armtools/bin/../lib/gcc/arm-atollic-eabi/6.3.1/../../../../arm-atollic-eabi/lib/armv6-m\libm.a
END GROUP
START GROUP
LOAD c:/program files (x86)/atollic/truestudio for stm32 9.1.0/armtools/bin/../lib/gcc/arm-atollic-eabi/6.3.1/armv6-m\libgcc.a
LOAD c:/program files (x86)/atollic/truestudio for stm32 9.1.0/armtools/bin/../lib/gcc/arm-atollic-eabi/6.3.1/../../../../arm-atollic-eabi/lib/armv6-m\libc_nano.a
END GROUP
START GROUP
LOAD c:/program files (x86)/atollic/truestudio for stm32 9.1.0/armtools/bin/../lib/gcc/arm-atollic-eabi/6.3.1/armv6-m\libgcc.a
LOAD c:/program files (x86)/atollic/truestudio for stm32 9.1.0/armtools/bin/../lib/gcc/arm-atollic-eabi/6.3.1/../../../../arm-atollic-eabi/lib/armv6-m\libc_nano.a
LOAD c:/program files (x86)/atollic/truestudio for stm32 9.1.0/armtools/bin/../lib/gcc/arm-atollic-eabi/6.3.1/../../../../arm-atollic-eabi/lib/armv6-m\libnosys.a
END GROUP
START GROUP
LOAD c:/program files (x86)/atollic/truestudio for stm32 9.1.0/armtools/bin/../lib/gcc/arm-atollic-eabi/6.3.1/armv6-m\libgcc.a
LOAD c:/program files (x86)/atollic/truestudio for stm32 9.1.0/armtools/bin/../lib/gcc/arm-atollic-eabi/6.3.1/../../../../arm-atollic-eabi/lib/armv6-m\libc_nano.a
LOAD c:/program files (x86)/atollic/truestudio for stm32 9.1.0/armtools/bin/../lib/gcc/arm-atollic-eabi/6.3.1/../../../../arm-atollic-eabi/lib/armv6-m\libnosys.a
END GROUP
LOAD c:/program files (x86)/atollic/truestudio for stm32 9.1.0/armtools/bin/../lib/gcc/arm-atollic-eabi/6.3.1/armv6-m/crtend.o
LOAD c:/program files (x86)/atollic/truestudio for stm32 9.1.0/armtools/bin/../lib/gcc/arm-atollic-eabi/6.3.1/armv6-m/crtn.o
                0x20002000                _estack = 0x20002000
                0x00000200                _Min_Heap_Size = 0x200
                0x00000400                _Min_Stack_Size = 0x400

.isr_vector     0x08000000       0xc0
                0x08000000                . = ALIGN (0x4)
 *(.isr_vector)
 .isr_vector    0x08000000       0xc0 startup\startup_stm32l031xx.o
                0x08000000                g_pfnVectors
                0x080000c0                . = ALIGN (0x4)

.text           0x080000c0     0x2028
                0x080000c0                . = ALIGN (0x4)
 *(.text)
 .text          0x080000c0       0x48 c:/program files (x86)/atollic/truestudio for stm32 9.1.0/armtools/bin/../lib/gcc/arm-atollic-eabi/6.3.1/armv6-m/crtbegin.o
 .text          0x08000108       0x14 c:/program files (x86)/atollic/truestudio for stm32 9.1.0/armtools/bin/../lib/gcc/arm-atollic-eabi/6.3.1/armv6-m\libgcc.a(_thumb1_case_uqi.o)
                0x08000108                __gnu_thumb1_case_uqi
 .text          0x0800011c      0x114 c:/program files (x86)/atollic/truestudio for stm32 9.1.0/armtools/bin/../lib/gcc/arm-atollic-eabi/6.3.1/armv6-m\libgcc.a(_udivsi3.o)
                0x0800011c                __aeabi_uidiv
                0x0800011c                __udivsi3
                0x08000228                __aeabi_uidivmod
 .text          0x08000230        0x4 c:/program files (x86)/atollic/truestudio for stm32 9.1.0/armtools/bin/../lib/gcc/arm-atollic-eabi/6.3.1/armv6-m\libgcc.a(_dvmd_tls.o)
                0x08000230                __aeabi_idiv0
                0x08000230                __aeabi_ldiv0
 .text          0x08000234       0x40 c:/program files (x86)/atollic/truestudio for stm32 9.1.0/armtools/bin/../lib/gcc/arm-atollic-eabi/6.3.1/armv6-m\libgcc.a(_aeabi_uldivmod.o)
                0x08000234                __aeabi_uldivmod
 .text          0x08000274      0x180 c:/program files (x86)/atollic/truestudio for stm32 9.1.0/armtools/bin/../lib/gcc/arm-atollic-eabi/6.3.1/armv6-m\libgcc.a(_udivmoddi4.o)
                0x08000274                __udivmoddi4
 .text          0x080003f4       0x18 c:/program files (x86)/atollic/truestudio for stm32 9.1.0/armtools/bin/../lib/gcc/arm-atollic-eabi/6.3.1/armv6-m\libgcc.a(_clzdi2.o)
                0x080003f4                __clzdi2
 .text          0x0800040c       0x3c c:/program files (x86)/atollic/truestudio for stm32 9.1.0/armtools/bin/../lib/gcc/arm-atollic-eabi/6.3.1/armv6-m\libgcc.a(_clzsi2.o)
                0x0800040c                __clzsi2
 *(.text*)
 .text.HAL_InitTick
                0x08000448       0x30 Drivers\STM32L0xx_HAL_Driver\Src\stm32l0xx_hal.o
                0x08000448                HAL_InitTick
 .text.HAL_Init
                0x08000478       0x28 Drivers\STM32L0xx_HAL_Driver\Src\stm32l0xx_hal.o
                0x08000478                HAL_Init
 .text.HAL_IncTick
                0x080004a0       0x10 Drivers\STM32L0xx_HAL_Driver\Src\stm32l0xx_hal.o
                0x080004a0                HAL_IncTick
 .text.HAL_GetTick
                0x080004b0        0xc Drivers\STM32L0xx_HAL_Driver\Src\stm32l0xx_hal.o
                0x080004b0                HAL_GetTick
 .text.HAL_NVIC_SetPriority
                0x080004bc       0x60 Drivers\STM32L0xx_HAL_Driver\Src\stm32l0xx_hal_cortex.o
                0x080004bc                HAL_NVIC_SetPriority
 .text.HAL_SYSTICK_Config
                0x0800051c       0x34 Drivers\STM32L0xx_HAL_Driver\Src\stm32l0xx_hal_cortex.o
                0x0800051c                HAL_SYSTICK_Config
 .text.HAL_GPIO_Init
                0x08000550      0x15c Drivers\STM32L0xx_HAL_Driver\Src\stm32l0xx_hal_gpio.o
                0x08000550                HAL_GPIO_Init
 .text.HAL_GPIO_WritePin
                0x080006ac        0xc Drivers\STM32L0xx_HAL_Driver\Src\stm32l0xx_hal_gpio.o
                0x080006ac                HAL_GPIO_WritePin
 .text.HAL_RCC_GetSysClockFreq
                0x080006b8       0x78 Drivers\STM32L0xx_HAL_Driver\Src\stm32l0xx_hal_rcc.o
                0x080006b8                HAL_RCC_GetSysClockFreq
 .text.HAL_RCC_OscConfig
                0x08000730      0x4a4 Drivers\STM32L0xx_HAL_Driver\Src\stm32l0xx_hal_rcc.o
                0x08000730                HAL_RCC_OscConfig
 .text.HAL_RCC_ClockConfig
                0x08000bd4      0x170 Drivers\STM32L0xx_HAL_Driver\Src\stm32l0xx_hal_rcc.o
                0x08000bd4                HAL_RCC_ClockConfig
 .text.HAL_RCC_GetPCLK1Freq
                0x08000d44       0x20 Drivers\STM32L0xx_HAL_Driver\Src\stm32l0xx_hal_rcc.o
                0x08000d44                HAL_RCC_GetPCLK1Freq
 .text.HAL_RCC_GetPCLK2Freq
                0x08000d64       0x20 Drivers\STM32L0xx_HAL_Driver\Src\stm32l0xx_hal_rcc.o
                0x08000d64                HAL_RCC_GetPCLK2Freq
 .text.HAL_RCCEx_PeriphCLKConfig
                0x08000d84      0x174 Drivers\STM32L0xx_HAL_Driver\Src\stm32l0xx_hal_rcc_ex.o
                0x08000d84                HAL_RCCEx_PeriphCLKConfig
 .text.HAL_SPI_Init
                0x08000ef8       0x74 Drivers\STM32L0xx_HAL_Driver\Src\stm32l0xx_hal_spi.o
                0x08000ef8                HAL_SPI_Init
 .text.UART_SetConfig
                0x08000f6c      0x224 Drivers\STM32L0xx_HAL_Driver\Src\stm32l0xx_hal_uart.o
                0x08000f6c                UART_SetConfig
 .text.UART_AdvFeatureConfig
                0x08001190       0xd0 Drivers\STM32L0xx_HAL_Driver\Src\stm32l0xx_hal_uart.o
                0x08001190                UART_AdvFeatureConfig
 .text.UART_WaitOnFlagUntilTimeout
                0x08001260       0x5c Drivers\STM32L0xx_HAL_Driver\Src\stm32l0xx_hal_uart.o
                0x08001260                UART_WaitOnFlagUntilTimeout
 .text.UART_CheckIdleState
                0x080012bc       0x60 Drivers\STM32L0xx_HAL_Driver\Src\stm32l0xx_hal_uart.o
                0x080012bc                UART_CheckIdleState
 .text.HAL_UART_Init
                0x0800131c       0x64 Drivers\STM32L0xx_HAL_Driver\Src\stm32l0xx_hal_uart.o
                0x0800131c                HAL_UART_Init
 .text.osKernelStart
                0x08001380        0xa Middlewares\Third_Party\FreeRTOS\Source\CMSIS_RTOS\cmsis_os.o
                0x08001380                osKernelStart
 .text.osThreadCreate
                0x0800138a       0x30 Middlewares\Third_Party\FreeRTOS\Source\CMSIS_RTOS\cmsis_os.o
                0x0800138a                osThreadCreate
 .text.osDelay  0x080013ba       0x10 Middlewares\Third_Party\FreeRTOS\Source\CMSIS_RTOS\cmsis_os.o
                0x080013ba                osDelay
 .text.osSystickHandler
                0x080013ca       0x10 Middlewares\Third_Party\FreeRTOS\Source\CMSIS_RTOS\cmsis_os.o
                0x080013ca                osSystickHandler
 .text.vListInitialise
                0x080013da       0x16 Middlewares\Third_Party\FreeRTOS\Source\list.o
                0x080013da                vListInitialise
 .text.vListInitialiseItem
                0x080013f0        0x6 Middlewares\Third_Party\FreeRTOS\Source\list.o
                0x080013f0                vListInitialiseItem
 .text.vListInsertEnd
                0x080013f6       0x18 Middlewares\Third_Party\FreeRTOS\Source\list.o
                0x080013f6                vListInsertEnd
 .text.vListInsert
                0x0800140e       0x2e Middlewares\Third_Party\FreeRTOS\Source\list.o
                0x0800140e                vListInsert
 .text.uxListRemove
                0x0800143c       0x22 Middlewares\Third_Party\FreeRTOS\Source\list.o
                0x0800143c                uxListRemove
 *fill*         0x0800145e        0x2 
 .text.prvTaskExitError
                0x08001460       0x24 Middlewares\Third_Party\FreeRTOS\Source\portable\GCC\ARM_CM0\port.o
 *fill*         0x08001484        0xc 
 .text.vPortStartFirstTask
                0x08001490       0x34 Middlewares\Third_Party\FreeRTOS\Source\portable\GCC\ARM_CM0\port.o
 .text.pxPortInitialiseStack
                0x080014c4       0x20 Middlewares\Third_Party\FreeRTOS\Source\portable\GCC\ARM_CM0\port.o
                0x080014c4                pxPortInitialiseStack
 .text.SVC_Handler
                0x080014e4        0x2 Middlewares\Third_Party\FreeRTOS\Source\portable\GCC\ARM_CM0\port.o
                0x080014e4                SVC_Handler
 *fill*         0x080014e6        0x2 
 .text.xPortStartScheduler
                0x080014e8       0x64 Middlewares\Third_Party\FreeRTOS\Source\portable\GCC\ARM_CM0\port.o
                0x080014e8                xPortStartScheduler
 .text.vPortYield
                0x0800154c       0x18 Middlewares\Third_Party\FreeRTOS\Source\portable\GCC\ARM_CM0\port.o
                0x0800154c                vPortYield
 .text.vPortEnterCritical
                0x08001564       0x18 Middlewares\Third_Party\FreeRTOS\Source\portable\GCC\ARM_CM0\port.o
                0x08001564                vPortEnterCritical
 .text.vPortExitCritical
                0x0800157c       0x1c Middlewares\Third_Party\FreeRTOS\Source\portable\GCC\ARM_CM0\port.o
                0x0800157c                vPortExitCritical
 .text.ulSetInterruptMaskFromISR
                0x08001598        0x8 Middlewares\Third_Party\FreeRTOS\Source\portable\GCC\ARM_CM0\port.o
                0x08001598                ulSetInterruptMaskFromISR
 .text.vClearInterruptMaskFromISR
                0x080015a0        0x6 Middlewares\Third_Party\FreeRTOS\Source\portable\GCC\ARM_CM0\port.o
                0x080015a0                vClearInterruptMaskFromISR
 *fill*         0x080015a6        0xa 
 .text.PendSV_Handler
                0x080015b0       0x44 Middlewares\Third_Party\FreeRTOS\Source\portable\GCC\ARM_CM0\port.o
                0x080015b0                PendSV_Handler
 .text.xPortSysTickHandler
                0x080015f4       0x24 Middlewares\Third_Party\FreeRTOS\Source\portable\GCC\ARM_CM0\port.o
                0x080015f4                xPortSysTickHandler
 .text.unlikely.prvInsertBlockIntoFreeList
                0x08001618       0x48 Middlewares\Third_Party\FreeRTOS\Source\portable\MemMang\heap_4.o
 .text.pvPortMalloc
                0x08001660      0x104 Middlewares\Third_Party\FreeRTOS\Source\portable\MemMang\heap_4.o
                0x08001660                pvPortMalloc
 .text.vPortFree
                0x08001764       0x48 Middlewares\Third_Party\FreeRTOS\Source\portable\MemMang\heap_4.o
                0x08001764                vPortFree
 .text.prvResetNextTaskUnblockTime
                0x080017ac       0x28 Middlewares\Third_Party\FreeRTOS\Source\tasks.o
 .text.prvAddCurrentTaskToDelayedList
                0x080017d4       0x70 Middlewares\Third_Party\FreeRTOS\Source\tasks.o
 .text.prvIdleTask
                0x08001844       0x58 Middlewares\Third_Party\FreeRTOS\Source\tasks.o
 .text.xTaskCreate
                0x0800189c      0x188 Middlewares\Third_Party\FreeRTOS\Source\tasks.o
                0x0800189c                xTaskCreate
 .text.vTaskStartScheduler
                0x08001a24       0x54 Middlewares\Third_Party\FreeRTOS\Source\tasks.o
                0x08001a24                vTaskStartScheduler
 .text.vTaskSuspendAll
                0x08001a78       0x10 Middlewares\Third_Party\FreeRTOS\Source\tasks.o
                0x08001a78                vTaskSuspendAll
 .text.xTaskIncrementTick
                0x08001a88       0xfc Middlewares\Third_Party\FreeRTOS\Source\tasks.o
                0x08001a88                xTaskIncrementTick
 .text.xTaskResumeAll
                0x08001b84       0xd0 Middlewares\Third_Party\FreeRTOS\Source\tasks.o
                0x08001b84                xTaskResumeAll
 .text.vTaskDelay
                0x08001c54       0x34 Middlewares\Third_Party\FreeRTOS\Source\tasks.o
                0x08001c54                vTaskDelay
 .text.vTaskSwitchContext
                0x08001c88       0x6c Middlewares\Third_Party\FreeRTOS\Source\tasks.o
                0x08001c88                vTaskSwitchContext
 .text.xTaskGetSchedulerState
                0x08001cf4       0x20 Middlewares\Third_Party\FreeRTOS\Source\tasks.o
                0x08001cf4                xTaskGetSchedulerState
 .text.StartDefaultTask
                0x08001d14        0xa Src\freertos.o
                0x08001d14                StartDefaultTask
 *fill*         0x08001d1e        0x2 
 .text.MX_FREERTOS_Init
                0x08001d20       0x28 Src\freertos.o
                0x08001d20                MX_FREERTOS_Init
 .text.MX_GPIO_Init
                0x08001d48       0x70 Src\gpio.o
                0x08001d48                MX_GPIO_Init
 .text.SystemClock_Config
                0x08001db8       0x88 Src\main.o
                0x08001db8                SystemClock_Config
 .text.startup.main
                0x08001e40       0x20 Src\main.o
                0x08001e40                main
 .text.Error_Handler
                0x08001e60        0x2 Src\main.o
                0x08001e60                Error_Handler
 *fill*         0x08001e62        0x2 
 .text.MX_SPI1_Init
                0x08001e64       0x40 Src\spi.o
                0x08001e64                MX_SPI1_Init
 .text.HAL_SPI_MspInit
                0x08001ea4       0x58 Src\spi.o
                0x08001ea4                HAL_SPI_MspInit
 .text.HAL_MspInit
                0x08001efc       0x28 Src\stm32l0xx_hal_msp.o
                0x08001efc                HAL_MspInit
 .text.NMI_Handler
                0x08001f24        0x2 Src\stm32l0xx_it.o
                0x08001f24                NMI_Handler
 .text.HardFault_Handler
                0x08001f26        0x2 Src\stm32l0xx_it.o
                0x08001f26                HardFault_Handler
 .text.SysTick_Handler
                0x08001f28        0xc Src\stm32l0xx_it.o
                0x08001f28                SysTick_Handler
 .text.SystemInit
                0x08001f34       0x5c Src\system_stm32l0xx.o
                0x08001f34                SystemInit
 .text.MX_USART2_UART_Init
                0x08001f90       0x38 Src\usart.o
                0x08001f90                MX_USART2_UART_Init
 .text.HAL_UART_MspInit
                0x08001fc8       0x5c Src\usart.o
                0x08001fc8                HAL_UART_MspInit
 .text.Reset_Handler
                0x08002024       0x50 startup\startup_stm32l031xx.o
                0x08002024                Reset_Handler
 .text.Default_Handler
                0x08002074        0x2 startup\startup_stm32l031xx.o
                0x08002074                ADC1_COMP_IRQHandler
                0x08002074                PVD_IRQHandler
                0x08002074                I2C1_IRQHandler
                0x08002074                SPI1_IRQHandler
                0x08002074                EXTI2_3_IRQHandler
                0x08002074                RTC_IRQHandler
                0x08002074                DMA1_Channel4_5_6_7_IRQHandler
                0x08002074                EXTI4_15_IRQHandler
                0x08002074                RCC_IRQHandler
                0x08002074                DMA1_Channel1_IRQHandler
                0x08002074                Default_Handler
                0x08002074                TIM22_IRQHandler
                0x08002074                EXTI0_1_IRQHandler
                0x08002074                TIM21_IRQHandler
                0x08002074                WWDG_IRQHandler
                0x08002074                LPUART1_IRQHandler
                0x08002074                TIM2_IRQHandler
                0x08002074                DMA1_Channel2_3_IRQHandler
                0x08002074                USART2_IRQHandler
                0x08002074                FLASH_IRQHandler
                0x08002074                LPTIM1_IRQHandler
 *fill*         0x08002076        0x2 
 .text.__libc_init_array
                0x08002078       0x48 c:/program files (x86)/atollic/truestudio for stm32 9.1.0/armtools/bin/../lib/gcc/arm-atollic-eabi/6.3.1/../../../../arm-atollic-eabi/lib/armv6-m\libc_nano.a(lib_a-init.o)
                0x08002078                __libc_init_array
 .text.memset   0x080020c0       0x10 c:/program files (x86)/atollic/truestudio for stm32 9.1.0/armtools/bin/../lib/gcc/arm-atollic-eabi/6.3.1/../../../../arm-atollic-eabi/lib/armv6-m\libc_nano.a(lib_a-memset.o)
                0x080020c0                memset
 *(.glue_7)
 .glue_7        0x080020d0        0x0 linker stubs
 *(.glue_7t)
 .glue_7t       0x080020d0        0x0 linker stubs
 *(.eh_frame)
 .eh_frame      0x080020d0        0x0 c:/program files (x86)/atollic/truestudio for stm32 9.1.0/armtools/bin/../lib/gcc/arm-atollic-eabi/6.3.1/armv6-m/crtbegin.o
 *(.init)
 .init          0x080020d0        0x4 c:/program files (x86)/atollic/truestudio for stm32 9.1.0/armtools/bin/../lib/gcc/arm-atollic-eabi/6.3.1/armv6-m/crti.o
                0x080020d0                _init
 .init          0x080020d4        0x8 c:/program files (x86)/atollic/truestudio for stm32 9.1.0/armtools/bin/../lib/gcc/arm-atollic-eabi/6.3.1/armv6-m/crtn.o
 *(.fini)
 .fini          0x080020dc        0x4 c:/program files (x86)/atollic/truestudio for stm32 9.1.0/armtools/bin/../lib/gcc/arm-atollic-eabi/6.3.1/armv6-m/crti.o
                0x080020dc                _fini
 .fini          0x080020e0        0x8 c:/program files (x86)/atollic/truestudio for stm32 9.1.0/armtools/bin/../lib/gcc/arm-atollic-eabi/6.3.1/armv6-m/crtn.o
                0x080020e8                . = ALIGN (0x4)
                0x080020e8                _etext = .

.vfp11_veneer   0x080020e8        0x0
 .vfp11_veneer  0x080020e8        0x0 linker stubs

.v4_bx          0x080020e8        0x0
 .v4_bx         0x080020e8        0x0 linker stubs

.iplt           0x080020e8        0x0
 .iplt          0x080020e8        0x0 c:/program files (x86)/atollic/truestudio for stm32 9.1.0/armtools/bin/../lib/gcc/arm-atollic-eabi/6.3.1/armv6-m/crtbegin.o

.rodata         0x080020e8       0x54
                0x080020e8                . = ALIGN (0x4)
 *(.rodata)
 .rodata        0x080020e8       0x14 Src\freertos.o
 *(.rodata*)
 .rodata.CSWTCH.55
                0x080020fc        0xd Drivers\STM32L0xx_HAL_Driver\Src\stm32l0xx_hal_uart.o
 .rodata.vTaskStartScheduler.str1.1
                0x08002109        0x5 Middlewares\Third_Party\FreeRTOS\Source\tasks.o
 .rodata.str1.1
                0x0800210e        0xc Src\freertos.o
 .rodata.AHBPrescTable
                0x0800211a       0x10 Src\system_stm32l0xx.o
                0x0800211a                AHBPrescTable
 .rodata.APBPrescTable
                0x0800212a        0x8 Src\system_stm32l0xx.o
                0x0800212a                APBPrescTable
 .rodata.PLLMulTable
                0x08002132        0x9 Src\system_stm32l0xx.o
                0x08002132                PLLMulTable
                0x0800213c                . = ALIGN (0x4)
 *fill*         0x0800213b        0x1 

.ARM.extab
 *(.ARM.extab* .gnu.linkonce.armextab.*)

.ARM            0x0800213c        0x8
                0x0800213c                __exidx_start = .
 *(.ARM.exidx*)
 .ARM.exidx     0x0800213c        0x8 c:/program files (x86)/atollic/truestudio for stm32 9.1.0/armtools/bin/../lib/gcc/arm-atollic-eabi/6.3.1/armv6-m\libgcc.a(_udivmoddi4.o)
                0x08002144                __exidx_end = .

.rel.dyn        0x08002144        0x0
 .rel.iplt      0x08002144        0x0 c:/program files (x86)/atollic/truestudio for stm32 9.1.0/armtools/bin/../lib/gcc/arm-atollic-eabi/6.3.1/armv6-m/crtbegin.o

.preinit_array  0x08002144        0x0
                0x08002144                PROVIDE (__preinit_array_start, .)
 *(.preinit_array*)
                0x08002144                PROVIDE (__preinit_array_end, .)

.init_array     0x08002144        0x4
                0x08002144                PROVIDE (__init_array_start, .)
 *(SORT(.init_array.*))
 *(.init_array*)
 .init_array    0x08002144        0x4 c:/program files (x86)/atollic/truestudio for stm32 9.1.0/armtools/bin/../lib/gcc/arm-atollic-eabi/6.3.1/armv6-m/crtbegin.o
                0x08002148                PROVIDE (__init_array_end, .)

.fini_array     0x08002148        0x4
                [!provide]                PROVIDE (__fini_array_start, .)
 *(SORT(.fini_array.*))
 *(.fini_array*)
 .fini_array    0x08002148        0x4 c:/program files (x86)/atollic/truestudio for stm32 9.1.0/armtools/bin/../lib/gcc/arm-atollic-eabi/6.3.1/armv6-m/crtbegin.o
                [!provide]                PROVIDE (__fini_array_end, .)
                0x0800214c                _sidata = LOADADDR (.data)

.data           0x20000000        0x8 load address 0x0800214c
                0x20000000                . = ALIGN (0x4)
                0x20000000                _sdata = .
 *(.data)
 *(.data*)
 .data.uxCriticalNesting
                0x20000000        0x4 Middlewares\Third_Party\FreeRTOS\Source\portable\GCC\ARM_CM0\port.o
 .data.SystemCoreClock
                0x20000004        0x4 Src\system_stm32l0xx.o
                0x20000004                SystemCoreClock
                0x20000008                . = ALIGN (0x4)
                0x20000008                _edata = .

.igot.plt       0x20000008        0x0 load address 0x08002154
 .igot.plt      0x20000008        0x0 c:/program files (x86)/atollic/truestudio for stm32 9.1.0/armtools/bin/../lib/gcc/arm-atollic-eabi/6.3.1/armv6-m/crtbegin.o
                0x20000008                . = ALIGN (0x4)

.bss            0x20000008      0xe40 load address 0x08002154
                0x20000008                _sbss = .
                0x20000008                __bss_start__ = _sbss
 *(.bss)
 .bss           0x20000008       0x1c c:/program files (x86)/atollic/truestudio for stm32 9.1.0/armtools/bin/../lib/gcc/arm-atollic-eabi/6.3.1/armv6-m/crtbegin.o
 *(.bss*)
 .bss.pxEnd     0x20000024        0x4 Middlewares\Third_Party\FreeRTOS\Source\portable\MemMang\heap_4.o
 .bss.ucHeap    0x20000028      0xc00 Middlewares\Third_Party\FreeRTOS\Source\portable\MemMang\heap_4.o
 .bss.xBlockAllocatedBit
                0x20000c28        0x4 Middlewares\Third_Party\FreeRTOS\Source\portable\MemMang\heap_4.o
 .bss.xFreeBytesRemaining
                0x20000c2c        0x4 Middlewares\Third_Party\FreeRTOS\Source\portable\MemMang\heap_4.o
 .bss.xMinimumEverFreeBytesRemaining
                0x20000c30        0x4 Middlewares\Third_Party\FreeRTOS\Source\portable\MemMang\heap_4.o
 .bss.xStart    0x20000c34        0x8 Middlewares\Third_Party\FreeRTOS\Source\portable\MemMang\heap_4.o
 .bss.pxCurrentTCB
                0x20000c3c        0x4 Middlewares\Third_Party\FreeRTOS\Source\tasks.o
                0x20000c3c                pxCurrentTCB
 .bss.pxDelayedTaskList
                0x20000c40        0x4 Middlewares\Third_Party\FreeRTOS\Source\tasks.o
 .bss.pxOverflowDelayedTaskList
                0x20000c44        0x4 Middlewares\Third_Party\FreeRTOS\Source\tasks.o
 .bss.pxReadyTasksLists
                0x20000c48       0x8c Middlewares\Third_Party\FreeRTOS\Source\tasks.o
 .bss.uxCurrentNumberOfTasks
                0x20000cd4        0x4 Middlewares\Third_Party\FreeRTOS\Source\tasks.o
 .bss.uxDeletedTasksWaitingCleanUp
                0x20000cd8        0x4 Middlewares\Third_Party\FreeRTOS\Source\tasks.o
 .bss.uxPendedTicks
                0x20000cdc        0x4 Middlewares\Third_Party\FreeRTOS\Source\tasks.o
 .bss.uxSchedulerSuspended
                0x20000ce0        0x4 Middlewares\Third_Party\FreeRTOS\Source\tasks.o
 .bss.uxTaskNumber
                0x20000ce4        0x4 Middlewares\Third_Party\FreeRTOS\Source\tasks.o
 .bss.uxTopReadyPriority
                0x20000ce8        0x4 Middlewares\Third_Party\FreeRTOS\Source\tasks.o
 .bss.xDelayedTaskList1
                0x20000cec       0x14 Middlewares\Third_Party\FreeRTOS\Source\tasks.o
 .bss.xDelayedTaskList2
                0x20000d00       0x14 Middlewares\Third_Party\FreeRTOS\Source\tasks.o
 .bss.xIdleTaskHandle
                0x20000d14        0x4 Middlewares\Third_Party\FreeRTOS\Source\tasks.o
 .bss.xNextTaskUnblockTime
                0x20000d18        0x4 Middlewares\Third_Party\FreeRTOS\Source\tasks.o
 .bss.xNumOfOverflows
                0x20000d1c        0x4 Middlewares\Third_Party\FreeRTOS\Source\tasks.o
 .bss.xPendingReadyList
                0x20000d20       0x14 Middlewares\Third_Party\FreeRTOS\Source\tasks.o
 .bss.xSchedulerRunning
                0x20000d34        0x4 Middlewares\Third_Party\FreeRTOS\Source\tasks.o
 .bss.xSuspendedTaskList
                0x20000d38       0x14 Middlewares\Third_Party\FreeRTOS\Source\tasks.o
 .bss.xTasksWaitingTermination
                0x20000d4c       0x14 Middlewares\Third_Party\FreeRTOS\Source\tasks.o
 .bss.xTickCount
                0x20000d60        0x4 Middlewares\Third_Party\FreeRTOS\Source\tasks.o
 .bss.xYieldPending
                0x20000d64        0x4 Middlewares\Third_Party\FreeRTOS\Source\tasks.o
 *(COMMON)
 COMMON         0x20000d68        0x4 Drivers\STM32L0xx_HAL_Driver\Src\stm32l0xx_hal.o
                0x20000d68                uwTick
 COMMON         0x20000d6c        0x4 Src\freertos.o
                0x20000d6c                defaultTaskHandle
 COMMON         0x20000d70       0x58 Src\spi.o
                0x20000d70                hspi1
 COMMON         0x20000dc8       0x80 Src\usart.o
                0x20000dc8                huart2
                0x20000e48                . = ALIGN (0x4)
                0x20000e48                _ebss = .
                0x20000e48                __bss_end__ = _ebss

._user_heap_stack
                0x20000e48      0x600 load address 0x08002154
                0x20000e48                . = ALIGN (0x4)
                [!provide]                PROVIDE (end, .)
                [!provide]                PROVIDE (_end, .)
                0x20001048                . = (. + _Min_Heap_Size)
 *fill*         0x20000e48      0x200 
                0x20001448                . = (. + _Min_Stack_Size)
 *fill*         0x20001048      0x400 
                0x20001448                . = ALIGN (0x4)

/DISCARD/
 libc.a(*)
 libm.a(*)
 libgcc.a(*)

.ARM.attributes
                0x00000000       0x28
 *(.ARM.attributes)
 .ARM.attributes
                0x00000000       0x1e c:/program files (x86)/atollic/truestudio for stm32 9.1.0/armtools/bin/../lib/gcc/arm-atollic-eabi/6.3.1/armv6-m/crti.o
 .ARM.attributes
                0x0000001e       0x2c c:/program files (x86)/atollic/truestudio for stm32 9.1.0/armtools/bin/../lib/gcc/arm-atollic-eabi/6.3.1/armv6-m/crtbegin.o
 .ARM.attributes
                0x0000004a       0x32 Drivers\STM32L0xx_HAL_Driver\Src\stm32l0xx_hal.o
 .ARM.attributes
                0x0000007c       0x32 Drivers\STM32L0xx_HAL_Driver\Src\stm32l0xx_hal_cortex.o
 .ARM.attributes
                0x000000ae       0x32 Drivers\STM32L0xx_HAL_Driver\Src\stm32l0xx_hal_gpio.o
 .ARM.attributes
                0x000000e0       0x32 Drivers\STM32L0xx_HAL_Driver\Src\stm32l0xx_hal_rcc.o
 .ARM.attributes
                0x00000112       0x32 Drivers\STM32L0xx_HAL_Driver\Src\stm32l0xx_hal_rcc_ex.o
 .ARM.attributes
                0x00000144       0x32 Drivers\STM32L0xx_HAL_Driver\Src\stm32l0xx_hal_spi.o
 .ARM.attributes
                0x00000176       0x32 Drivers\STM32L0xx_HAL_Driver\Src\stm32l0xx_hal_uart.o
 .ARM.attributes
                0x000001a8       0x32 Middlewares\Third_Party\FreeRTOS\Source\CMSIS_RTOS\cmsis_os.o
 .ARM.attributes
                0x000001da       0x32 Middlewares\Third_Party\FreeRTOS\Source\list.o
 .ARM.attributes
                0x0000020c       0x32 Middlewares\Third_Party\FreeRTOS\Source\portable\GCC\ARM_CM0\port.o
 .ARM.attributes
                0x0000023e       0x32 Middlewares\Third_Party\FreeRTOS\Source\portable\MemMang\heap_4.o
 .ARM.attributes
                0x00000270       0x32 Middlewares\Third_Party\FreeRTOS\Source\tasks.o
 .ARM.attributes
                0x000002a2       0x32 Src\freertos.o
 .ARM.attributes
                0x000002d4       0x32 Src\gpio.o
 .ARM.attributes
                0x00000306       0x32 Src\main.o
 .ARM.attributes
                0x00000338       0x32 Src\spi.o
 .ARM.attributes
                0x0000036a       0x32 Src\stm32l0xx_hal_msp.o
 .ARM.attributes
                0x0000039c       0x32 Src\stm32l0xx_it.o
 .ARM.attributes
                0x000003ce       0x32 Src\system_stm32l0xx.o
 .ARM.attributes
                0x00000400       0x32 Src\usart.o
 .ARM.attributes
                0x00000432       0x22 startup\startup_stm32l031xx.o
 .ARM.attributes
                0x00000454       0x2c c:/program files (x86)/atollic/truestudio for stm32 9.1.0/armtools/bin/../lib/gcc/arm-atollic-eabi/6.3.1/../../../../arm-atollic-eabi/lib/armv6-m\libc_nano.a(lib_a-init.o)
 .ARM.attributes
                0x00000480       0x2c c:/program files (x86)/atollic/truestudio for stm32 9.1.0/armtools/bin/../lib/gcc/arm-atollic-eabi/6.3.1/../../../../arm-atollic-eabi/lib/armv6-m\libc_nano.a(lib_a-memset.o)
 .ARM.attributes
                0x000004ac       0x1e c:/program files (x86)/atollic/truestudio for stm32 9.1.0/armtools/bin/../lib/gcc/arm-atollic-eabi/6.3.1/armv6-m\libgcc.a(_thumb1_case_uqi.o)
 .ARM.attributes
                0x000004ca       0x1e c:/program files (x86)/atollic/truestudio for stm32 9.1.0/armtools/bin/../lib/gcc/arm-atollic-eabi/6.3.1/armv6-m\libgcc.a(_udivsi3.o)
 .ARM.attributes
                0x000004e8       0x1e c:/program files (x86)/atollic/truestudio for stm32 9.1.0/armtools/bin/../lib/gcc/arm-atollic-eabi/6.3.1/armv6-m\libgcc.a(_dvmd_tls.o)
 .ARM.attributes
                0x00000506       0x1e c:/program files (x86)/atollic/truestudio for stm32 9.1.0/armtools/bin/../lib/gcc/arm-atollic-eabi/6.3.1/armv6-m\libgcc.a(_aeabi_uldivmod.o)
 .ARM.attributes
                0x00000524       0x2c c:/program files (x86)/atollic/truestudio for stm32 9.1.0/armtools/bin/../lib/gcc/arm-atollic-eabi/6.3.1/armv6-m\libgcc.a(_udivmoddi4.o)
 .ARM.attributes
                0x00000550       0x1e c:/program files (x86)/atollic/truestudio for stm32 9.1.0/armtools/bin/../lib/gcc/arm-atollic-eabi/6.3.1/armv6-m\libgcc.a(_clzdi2.o)
 .ARM.attributes
                0x0000056e       0x1e c:/program files (x86)/atollic/truestudio for stm32 9.1.0/armtools/bin/../lib/gcc/arm-atollic-eabi/6.3.1/armv6-m\libgcc.a(_clzsi2.o)
 .ARM.attributes
                0x0000058c       0x1e c:/program files (x86)/atollic/truestudio for stm32 9.1.0/armtools/bin/../lib/gcc/arm-atollic-eabi/6.3.1/armv6-m/crtn.o
OUTPUT(LORA_DEMO.elf elf32-littlearm)

.debug_info     0x00000000     0xf0e4
 .debug_info    0x00000000      0x830 Drivers\STM32L0xx_HAL_Driver\Src\stm32l0xx_hal.o
 .debug_info    0x00000830      0x7f1 Drivers\STM32L0xx_HAL_Driver\Src\stm32l0xx_hal_cortex.o
 .debug_info    0x00001021      0x6cf Drivers\STM32L0xx_HAL_Driver\Src\stm32l0xx_hal_gpio.o
 .debug_info    0x000016f0      0xb5a Drivers\STM32L0xx_HAL_Driver\Src\stm32l0xx_hal_rcc.o
 .debug_info    0x0000224a      0x54b Drivers\STM32L0xx_HAL_Driver\Src\stm32l0xx_hal_rcc_ex.o
 .debug_info    0x00002795     0x1cb9 Drivers\STM32L0xx_HAL_Driver\Src\stm32l0xx_hal_spi.o
 .debug_info    0x0000444e     0x1b5a Drivers\STM32L0xx_HAL_Driver\Src\stm32l0xx_hal_uart.o
 .debug_info    0x00005fa8     0x24e6 Middlewares\Third_Party\FreeRTOS\Source\CMSIS_RTOS\cmsis_os.o
 .debug_info    0x0000848e      0xac5 Middlewares\Third_Party\FreeRTOS\Source\list.o
 .debug_info    0x00008f53      0x2d4 Middlewares\Third_Party\FreeRTOS\Source\portable\GCC\ARM_CM0\port.o
 .debug_info    0x00009227      0xba8 Middlewares\Third_Party\FreeRTOS\Source\portable\MemMang\heap_4.o
 .debug_info    0x00009dcf     0x246f Middlewares\Third_Party\FreeRTOS\Source\tasks.o
 .debug_info    0x0000c23e      0x2af Src\freertos.o
 .debug_info    0x0000c4ed      0x45b Src\gpio.o
 .debug_info    0x0000c948      0xc11 Src\main.o
 .debug_info    0x0000d559      0x924 Src\spi.o
 .debug_info    0x0000de7d      0x32b Src\stm32l0xx_hal_msp.o
 .debug_info    0x0000e1a8      0x190 Src\stm32l0xx_it.o
 .debug_info    0x0000e338      0x398 Src\system_stm32l0xx.o
 .debug_info    0x0000e6d0      0x9a8 Src\usart.o
 .debug_info    0x0000f078       0x6c startup\startup_stm32l031xx.o

.debug_abbrev   0x00000000     0x2b17
 .debug_abbrev  0x00000000      0x28c Drivers\STM32L0xx_HAL_Driver\Src\stm32l0xx_hal.o
 .debug_abbrev  0x0000028c      0x232 Drivers\STM32L0xx_HAL_Driver\Src\stm32l0xx_hal_cortex.o
 .debug_abbrev  0x000004be      0x1ca Drivers\STM32L0xx_HAL_Driver\Src\stm32l0xx_hal_gpio.o
 .debug_abbrev  0x00000688      0x2b3 Drivers\STM32L0xx_HAL_Driver\Src\stm32l0xx_hal_rcc.o
 .debug_abbrev  0x0000093b      0x1de Drivers\STM32L0xx_HAL_Driver\Src\stm32l0xx_hal_rcc_ex.o
 .debug_abbrev  0x00000b19      0x336 Drivers\STM32L0xx_HAL_Driver\Src\stm32l0xx_hal_spi.o
 .debug_abbrev  0x00000e4f      0x321 Drivers\STM32L0xx_HAL_Driver\Src\stm32l0xx_hal_uart.o
 .debug_abbrev  0x00001170      0x418 Middlewares\Third_Party\FreeRTOS\Source\CMSIS_RTOS\cmsis_os.o
 .debug_abbrev  0x00001588      0x1ea Middlewares\Third_Party\FreeRTOS\Source\list.o
 .debug_abbrev  0x00001772      0x1d5 Middlewares\Third_Party\FreeRTOS\Source\portable\GCC\ARM_CM0\port.o
 .debug_abbrev  0x00001947      0x2ce Middlewares\Third_Party\FreeRTOS\Source\portable\MemMang\heap_4.o
 .debug_abbrev  0x00001c15      0x3bf Middlewares\Third_Party\FreeRTOS\Source\tasks.o
 .debug_abbrev  0x00001fd4      0x15b Src\freertos.o
 .debug_abbrev  0x0000212f      0x168 Src\gpio.o
 .debug_abbrev  0x00002297      0x1e7 Src\main.o
 .debug_abbrev  0x0000247e      0x1cf Src\spi.o
 .debug_abbrev  0x0000264d      0x114 Src\stm32l0xx_hal_msp.o
 .debug_abbrev  0x00002761       0xc7 Src\stm32l0xx_it.o
 .debug_abbrev  0x00002828      0x10e Src\system_stm32l0xx.o
 .debug_abbrev  0x00002936      0x1cf Src\usart.o
 .debug_abbrev  0x00002b05       0x12 startup\startup_stm32l031xx.o

.debug_loc      0x00000000     0x66e8
 .debug_loc     0x00000000      0x13d Drivers\STM32L0xx_HAL_Driver\Src\stm32l0xx_hal.o
 .debug_loc     0x0000013d      0x3cc Drivers\STM32L0xx_HAL_Driver\Src\stm32l0xx_hal_cortex.o
 .debug_loc     0x00000509      0x2e7 Drivers\STM32L0xx_HAL_Driver\Src\stm32l0xx_hal_gpio.o
 .debug_loc     0x000007f0      0x53f Drivers\STM32L0xx_HAL_Driver\Src\stm32l0xx_hal_rcc.o
 .debug_loc     0x00000d2f      0x34c Drivers\STM32L0xx_HAL_Driver\Src\stm32l0xx_hal_rcc_ex.o
 .debug_loc     0x0000107b     0x17df Drivers\STM32L0xx_HAL_Driver\Src\stm32l0xx_hal_spi.o
 .debug_loc     0x0000285a     0x150a Drivers\STM32L0xx_HAL_Driver\Src\stm32l0xx_hal_uart.o
 .debug_loc     0x00003d64      0xfa0 Middlewares\Third_Party\FreeRTOS\Source\CMSIS_RTOS\cmsis_os.o
 .debug_loc     0x00004d04       0x94 Middlewares\Third_Party\FreeRTOS\Source\list.o
 .debug_loc     0x00004d98       0xb4 Middlewares\Third_Party\FreeRTOS\Source\portable\GCC\ARM_CM0\port.o
 .debug_loc     0x00004e4c      0x2de Middlewares\Third_Party\FreeRTOS\Source\portable\MemMang\heap_4.o
 .debug_loc     0x0000512a     0x13a8 Middlewares\Third_Party\FreeRTOS\Source\tasks.o
 .debug_loc     0x000064d2       0x21 Src\freertos.o
 .debug_loc     0x000064f3       0x4d Src\spi.o
 .debug_loc     0x00006540      0x15b Src\system_stm32l0xx.o
 .debug_loc     0x0000669b       0x4d Src\usart.o

.debug_aranges  0x00000000      0xb40
 .debug_aranges
                0x00000000       0xf0 Drivers\STM32L0xx_HAL_Driver\Src\stm32l0xx_hal.o
 .debug_aranges
                0x000000f0       0x78 Drivers\STM32L0xx_HAL_Driver\Src\stm32l0xx_hal_cortex.o
 .debug_aranges
                0x00000168       0x58 Drivers\STM32L0xx_HAL_Driver\Src\stm32l0xx_hal_gpio.o
 .debug_aranges
                0x000001c0       0x80 Drivers\STM32L0xx_HAL_Driver\Src\stm32l0xx_hal_rcc.o
 .debug_aranges
                0x00000240       0x58 Drivers\STM32L0xx_HAL_Driver\Src\stm32l0xx_hal_rcc_ex.o
 .debug_aranges
                0x00000298      0x188 Drivers\STM32L0xx_HAL_Driver\Src\stm32l0xx_hal_spi.o
 .debug_aranges
                0x00000420      0x1a0 Drivers\STM32L0xx_HAL_Driver\Src\stm32l0xx_hal_uart.o
 .debug_aranges
                0x000005c0      0x190 Middlewares\Third_Party\FreeRTOS\Source\CMSIS_RTOS\cmsis_os.o
 .debug_aranges
                0x00000750       0x40 Middlewares\Third_Party\FreeRTOS\Source\list.o
 .debug_aranges
                0x00000790       0x80 Middlewares\Third_Party\FreeRTOS\Source\portable\GCC\ARM_CM0\port.o
 .debug_aranges
                0x00000810       0x48 Middlewares\Third_Party\FreeRTOS\Source\portable\MemMang\heap_4.o
 .debug_aranges
                0x00000858      0x170 Middlewares\Third_Party\FreeRTOS\Source\tasks.o
 .debug_aranges
                0x000009c8       0x28 Src\freertos.o
 .debug_aranges
                0x000009f0       0x20 Src\gpio.o
 .debug_aranges
                0x00000a10       0x30 Src\main.o
 .debug_aranges
                0x00000a40       0x30 Src\spi.o
 .debug_aranges
                0x00000a70       0x20 Src\stm32l0xx_hal_msp.o
 .debug_aranges
                0x00000a90       0x30 Src\stm32l0xx_it.o
 .debug_aranges
                0x00000ac0       0x28 Src\system_stm32l0xx.o
 .debug_aranges
                0x00000ae8       0x30 Src\usart.o
 .debug_aranges
                0x00000b18       0x28 startup\startup_stm32l031xx.o

.debug_ranges   0x00000000      0xde8
 .debug_ranges  0x00000000       0xe0 Drivers\STM32L0xx_HAL_Driver\Src\stm32l0xx_hal.o
 .debug_ranges  0x000000e0      0x120 Drivers\STM32L0xx_HAL_Driver\Src\stm32l0xx_hal_cortex.o
 .debug_ranges  0x00000200       0x48 Drivers\STM32L0xx_HAL_Driver\Src\stm32l0xx_hal_gpio.o
 .debug_ranges  0x00000248       0xd8 Drivers\STM32L0xx_HAL_Driver\Src\stm32l0xx_hal_rcc.o
 .debug_ranges  0x00000320       0x68 Drivers\STM32L0xx_HAL_Driver\Src\stm32l0xx_hal_rcc_ex.o
 .debug_ranges  0x00000388      0x250 Drivers\STM32L0xx_HAL_Driver\Src\stm32l0xx_hal_spi.o
 .debug_ranges  0x000005d8      0x190 Drivers\STM32L0xx_HAL_Driver\Src\stm32l0xx_hal_uart.o
 .debug_ranges  0x00000768      0x180 Middlewares\Third_Party\FreeRTOS\Source\CMSIS_RTOS\cmsis_os.o
 .debug_ranges  0x000008e8       0x30 Middlewares\Third_Party\FreeRTOS\Source\list.o
 .debug_ranges  0x00000918       0x90 Middlewares\Third_Party\FreeRTOS\Source\portable\GCC\ARM_CM0\port.o
 .debug_ranges  0x000009a8       0x50 Middlewares\Third_Party\FreeRTOS\Source\portable\MemMang\heap_4.o
 .debug_ranges  0x000009f8      0x268 Middlewares\Third_Party\FreeRTOS\Source\tasks.o
 .debug_ranges  0x00000c60       0x18 Src\freertos.o
 .debug_ranges  0x00000c78       0x68 Src\gpio.o
 .debug_ranges  0x00000ce0       0x20 Src\main.o
 .debug_ranges  0x00000d00       0x40 Src\spi.o
 .debug_ranges  0x00000d40       0x10 Src\stm32l0xx_hal_msp.o
 .debug_ranges  0x00000d50       0x20 Src\stm32l0xx_it.o
 .debug_ranges  0x00000d70       0x18 Src\system_stm32l0xx.o
 .debug_ranges  0x00000d88       0x40 Src\usart.o
 .debug_ranges  0x00000dc8       0x20 startup\startup_stm32l031xx.o

.debug_line     0x00000000     0x61a5
 .debug_line    0x00000000      0x45d Drivers\STM32L0xx_HAL_Driver\Src\stm32l0xx_hal.o
 .debug_line    0x0000045d      0x3b7 Drivers\STM32L0xx_HAL_Driver\Src\stm32l0xx_hal_cortex.o
 .debug_line    0x00000814      0x3bf Drivers\STM32L0xx_HAL_Driver\Src\stm32l0xx_hal_gpio.o
 .debug_line    0x00000bd3      0x59b Drivers\STM32L0xx_HAL_Driver\Src\stm32l0xx_hal_rcc.o
 .debug_line    0x0000116e      0x3ee Drivers\STM32L0xx_HAL_Driver\Src\stm32l0xx_hal_rcc_ex.o
 .debug_line    0x0000155c      0xc65 Drivers\STM32L0xx_HAL_Driver\Src\stm32l0xx_hal_spi.o
 .debug_line    0x000021c1      0xe3e Drivers\STM32L0xx_HAL_Driver\Src\stm32l0xx_hal_uart.o
 .debug_line    0x00002fff      0x8b2 Middlewares\Third_Party\FreeRTOS\Source\CMSIS_RTOS\cmsis_os.o
 .debug_line    0x000038b1      0x37c Middlewares\Third_Party\FreeRTOS\Source\list.o
 .debug_line    0x00003c2d      0x306 Middlewares\Third_Party\FreeRTOS\Source\portable\GCC\ARM_CM0\port.o
 .debug_line    0x00003f33      0x3b6 Middlewares\Third_Party\FreeRTOS\Source\portable\MemMang\heap_4.o
 .debug_line    0x000042e9      0xbee Middlewares\Third_Party\FreeRTOS\Source\tasks.o
 .debug_line    0x00004ed7      0x259 Src\freertos.o
 .debug_line    0x00005130      0x1e7 Src\gpio.o
 .debug_line    0x00005317      0x2ee Src\main.o
 .debug_line    0x00005605      0x280 Src\spi.o
 .debug_line    0x00005885      0x1dd Src\stm32l0xx_hal_msp.o
 .debug_line    0x00005a62      0x20f Src\stm32l0xx_it.o
 .debug_line    0x00005c71      0x22f Src\system_stm32l0xx.o
 .debug_line    0x00005ea0      0x282 Src\usart.o
 .debug_line    0x00006122       0x83 startup\startup_stm32l031xx.o

.debug_str      0x00000000     0x3f10
 .debug_str     0x00000000      0x727 Drivers\STM32L0xx_HAL_Driver\Src\stm32l0xx_hal.o
                                0x779 (size before relaxing)
 .debug_str     0x00000727      0x1f4 Drivers\STM32L0xx_HAL_Driver\Src\stm32l0xx_hal_cortex.o
                                0x5f9 (size before relaxing)
 .debug_str     0x0000091b      0x1a4 Drivers\STM32L0xx_HAL_Driver\Src\stm32l0xx_hal_gpio.o
                                0x49e (size before relaxing)
 .debug_str     0x00000abf      0x32a Drivers\STM32L0xx_HAL_Driver\Src\stm32l0xx_hal_rcc.o
                                0x6ba (size before relaxing)
 .debug_str     0x00000de9      0x1da Drivers\STM32L0xx_HAL_Driver\Src\stm32l0xx_hal_rcc_ex.o
                                0x502 (size before relaxing)
 .debug_str     0x00000fc3      0x8e1 Drivers\STM32L0xx_HAL_Driver\Src\stm32l0xx_hal_spi.o
                                0xb7d (size before relaxing)
 .debug_str     0x000018a4      0x851 Drivers\STM32L0xx_HAL_Driver\Src\stm32l0xx_hal_uart.o
                                0xe4a (size before relaxing)
 .debug_str     0x000020f5      0xf2b Middlewares\Third_Party\FreeRTOS\Source\CMSIS_RTOS\cmsis_os.o
                               0x11e9 (size before relaxing)
 .debug_str     0x00003020      0x159 Middlewares\Third_Party\FreeRTOS\Source\list.o
                                0x728 (size before relaxing)
 .debug_str     0x00003179      0x15d Middlewares\Third_Party\FreeRTOS\Source\portable\GCC\ARM_CM0\port.o
                                0x398 (size before relaxing)
 .debug_str     0x000032d6      0x1e8 Middlewares\Third_Party\FreeRTOS\Source\portable\MemMang\heap_4.o
                                0x7f2 (size before relaxing)
 .debug_str     0x000034be      0x879 Middlewares\Third_Party\FreeRTOS\Source\tasks.o
                               0x1249 (size before relaxing)
 .debug_str     0x00003d37       0x60 Src\freertos.o
                                0x353 (size before relaxing)
 .debug_str     0x00003d97       0x2b Src\gpio.o
                                0x34b (size before relaxing)
 .debug_str     0x00003dc2       0x62 Src\main.o
                                0x9f4 (size before relaxing)
 .debug_str     0x00003e24       0x17 Src\spi.o
                                0x747 (size before relaxing)
 .debug_str     0x00003e3b       0x1b Src\stm32l0xx_hal_msp.o
                                0x3e7 (size before relaxing)
 .debug_str     0x00003e56       0x44 Src\stm32l0xx_it.o
                                0x233 (size before relaxing)
 .debug_str     0x00003e9a       0x5c Src\system_stm32l0xx.o
                                0x2f0 (size before relaxing)
 .debug_str     0x00003ef6       0x1a Src\usart.o
                                0x763 (size before relaxing)

.comment        0x00000000       0x7c
 .comment       0x00000000       0x7c Drivers\STM32L0xx_HAL_Driver\Src\stm32l0xx_hal.o
                                 0x7d (size before relaxing)
 .comment       0x0000007c       0x7d Drivers\STM32L0xx_HAL_Driver\Src\stm32l0xx_hal_cortex.o
 .comment       0x0000007c       0x7d Drivers\STM32L0xx_HAL_Driver\Src\stm32l0xx_hal_gpio.o
 .comment       0x0000007c       0x7d Drivers\STM32L0xx_HAL_Driver\Src\stm32l0xx_hal_rcc.o
 .comment       0x0000007c       0x7d Drivers\STM32L0xx_HAL_Driver\Src\stm32l0xx_hal_rcc_ex.o
 .comment       0x0000007c       0x7d Drivers\STM32L0xx_HAL_Driver\Src\stm32l0xx_hal_spi.o
 .comment       0x0000007c       0x7d Drivers\STM32L0xx_HAL_Driver\Src\stm32l0xx_hal_uart.o
 .comment       0x0000007c       0x7d Middlewares\Third_Party\FreeRTOS\Source\CMSIS_RTOS\cmsis_os.o
 .comment       0x0000007c       0x7d Middlewares\Third_Party\FreeRTOS\Source\list.o
 .comment       0x0000007c       0x7d Middlewares\Third_Party\FreeRTOS\Source\portable\GCC\ARM_CM0\port.o
 .comment       0x0000007c       0x7d Middlewares\Third_Party\FreeRTOS\Source\portable\MemMang\heap_4.o
 .comment       0x0000007c       0x7d Middlewares\Third_Party\FreeRTOS\Source\tasks.o
 .comment       0x0000007c       0x7d Src\freertos.o
 .comment       0x0000007c       0x7d Src\gpio.o
 .comment       0x0000007c       0x7d Src\main.o
 .comment       0x0000007c       0x7d Src\spi.o
 .comment       0x0000007c       0x7d Src\stm32l0xx_hal_msp.o
 .comment       0x0000007c       0x7d Src\stm32l0xx_it.o
 .comment       0x0000007c       0x7d Src\system_stm32l0xx.o
 .comment       0x0000007c       0x7d Src\usart.o

.debug_frame    0x00000000     0x1ef0
 .debug_frame   0x00000000      0x1f8 Drivers\STM32L0xx_HAL_Driver\Src\stm32l0xx_hal.o
 .debug_frame   0x000001f8       0xe4 Drivers\STM32L0xx_HAL_Driver\Src\stm32l0xx_hal_cortex.o
 .debug_frame   0x000002dc       0xbc Drivers\STM32L0xx_HAL_Driver\Src\stm32l0xx_hal_gpio.o
 .debug_frame   0x00000398      0x148 Drivers\STM32L0xx_HAL_Driver\Src\stm32l0xx_hal_rcc.o
 .debug_frame   0x000004e0       0xbc Drivers\STM32L0xx_HAL_Driver\Src\stm32l0xx_hal_rcc_ex.o
 .debug_frame   0x0000059c      0x568 Drivers\STM32L0xx_HAL_Driver\Src\stm32l0xx_hal_spi.o
 .debug_frame   0x00000b04      0x574 Drivers\STM32L0xx_HAL_Driver\Src\stm32l0xx_hal_uart.o
 .debug_frame   0x00001078      0x538 Middlewares\Third_Party\FreeRTOS\Source\CMSIS_RTOS\cmsis_os.o
 .debug_frame   0x000015b0       0x6c Middlewares\Third_Party\FreeRTOS\Source\list.o
 .debug_frame   0x0000161c      0x100 Middlewares\Third_Party\FreeRTOS\Source\portable\GCC\ARM_CM0\port.o
 .debug_frame   0x0000171c       0x90 Middlewares\Third_Party\FreeRTOS\Source\portable\MemMang\heap_4.o
 .debug_frame   0x000017ac      0x46c Middlewares\Third_Party\FreeRTOS\Source\tasks.o
 .debug_frame   0x00001c18       0x44 Src\freertos.o
 .debug_frame   0x00001c5c       0x30 Src\gpio.o
 .debug_frame   0x00001c8c       0x58 Src\main.o
 .debug_frame   0x00001ce4       0x5c Src\spi.o
 .debug_frame   0x00001d40       0x28 Src\stm32l0xx_hal_msp.o
 .debug_frame   0x00001d68       0x48 Src\stm32l0xx_it.o
 .debug_frame   0x00001db0       0x3c Src\system_stm32l0xx.o
 .debug_frame   0x00001dec       0x5c Src\usart.o
 .debug_frame   0x00001e48       0x2c c:/program files (x86)/atollic/truestudio for stm32 9.1.0/armtools/bin/../lib/gcc/arm-atollic-eabi/6.3.1/../../../../arm-atollic-eabi/lib/armv6-m\libc_nano.a(lib_a-init.o)
 .debug_frame   0x00001e74       0x20 c:/program files (x86)/atollic/truestudio for stm32 9.1.0/armtools/bin/../lib/gcc/arm-atollic-eabi/6.3.1/../../../../arm-atollic-eabi/lib/armv6-m\libc_nano.a(lib_a-memset.o)
 .debug_frame   0x00001e94       0x20 c:/program files (x86)/atollic/truestudio for stm32 9.1.0/armtools/bin/../lib/gcc/arm-atollic-eabi/6.3.1/armv6-m\libgcc.a(_udivsi3.o)
 .debug_frame   0x00001eb4       0x3c c:/program files (x86)/atollic/truestudio for stm32 9.1.0/armtools/bin/../lib/gcc/arm-atollic-eabi/6.3.1/armv6-m\libgcc.a(_udivmoddi4.o)
